// Jest Snapshot v1, https://goo.gl/fbAQLP

exports[`filtering 1`] = `
Array [
  Object {
    "code": 36718,
    "duration": 7200000,
    "judge": "csacademy",
    "name": "CSAcademy Round #76 (Div. 2 only)",
    "startTime": 2018-04-12T15:05:00.000Z,
    "state": "FINISHED",
    "url": "http://csacademy.com/contest/round-76",
  },
  Object {
    "code": 36719,
    "duration": 7200000,
    "judge": "csacademy",
    "name": "CSAcademy Round #77 (Div. 2 only)",
    "startTime": 2018-04-18T15:05:00.000Z,
    "state": "FINISHED",
    "url": "http://csacademy.com/contest/round-77",
  },
  Object {
    "code": 36721,
    "duration": 7200000,
    "judge": "csacademy",
    "name": "CSAcademy Round #78 (based on Romanian Olympiad IOI selection camp)",
    "startTime": 2018-04-25T15:05:00.000Z,
    "state": "FINISHED",
    "url": "http://csacademy.com/contest/round-78",
  },
  Object {
    "code": 37582,
    "duration": 7200000,
    "judge": "csacademy",
    "name": "CSAcademy Round #79 (Div. 2 only)",
    "startTime": 2018-05-09T15:05:00.000Z,
    "state": "RUNNING",
    "url": "http://csacademy.com/contest/round-79",
  },
]
`;

exports[`retrieve all contests 1`] = `
Array [
  Object {
    "code": 9,
    "duration": 18000000,
    "judge": "csacademy",
    "name": "CSAcademy Beta Round #1",
    "startTime": 2016-01-16T10:00:00.000Z,
    "state": "FINISHED",
    "url": "http://csacademy.com/contest/beta-round-1",
  },
  Object {
    "code": 14,
    "duration": 9000000,
    "judge": "csacademy",
    "name": "CSAcademy Beta Round #2",
    "startTime": 2016-03-04T17:00:00.000Z,
    "state": "FINISHED",
    "url": "http://csacademy.com/contest/beta-round-2",
  },
  Object {
    "code": 20,
    "duration": 7200000,
    "judge": "csacademy",
    "name": "CSAcademy Beta Round #3",
    "startTime": 2016-03-22T17:00:00.000Z,
    "state": "FINISHED",
    "url": "http://csacademy.com/contest/beta-round-3",
  },
  Object {
    "code": 23,
    "duration": 7200000,
    "judge": "csacademy",
    "name": "CSAcademy Beta Round #4",
    "startTime": 2016-04-26T16:00:00.000Z,
    "state": "FINISHED",
    "url": "http://csacademy.com/contest/beta-round-4",
  },
  Object {
    "code": 28,
    "duration": 7200000,
    "judge": "csacademy",
    "name": "CSAcademy Beta Round #5",
    "startTime": 2016-05-09T16:00:00.000Z,
    "state": "FINISHED",
    "url": "http://csacademy.com/contest/beta-round-5",
  },
  Object {
    "code": 37,
    "duration": 7200000,
    "judge": "csacademy",
    "name": "CSAcademy Beta Round #6",
    "startTime": 2016-05-31T16:00:00.000Z,
    "state": "FINISHED",
    "url": "http://csacademy.com/contest/beta-round-6",
  },
  Object {
    "code": 53,
    "duration": 14400000,
    "judge": "csacademy",
    "name": "CSAcademy IOI 2016 Training Round #1",
    "startTime": 2016-06-05T09:00:00.000Z,
    "state": "FINISHED",
    "url": "http://csacademy.com/contest/ioi-2016-training-round-1",
  },
  Object {
    "code": 58,
    "duration": 7200000,
    "judge": "csacademy",
    "name": "CSAcademy Beta Round #7",
    "startTime": 2016-06-12T09:00:00.000Z,
    "state": "FINISHED",
    "url": "http://csacademy.com/contest/beta-round-7",
  },
  Object {
    "code": 59,
    "duration": 10800000,
    "judge": "csacademy",
    "name": "CSAcademy IOI 2016 Training Round #2",
    "startTime": 2016-06-16T13:00:00.000Z,
    "state": "FINISHED",
    "url": "http://csacademy.com/contest/ioi-2016-training-round-2",
  },
  Object {
    "code": 66,
    "duration": 10800000,
    "judge": "csacademy",
    "name": "CSAcademy IOI 2016 Training Round #3",
    "startTime": 2016-06-24T14:00:00.000Z,
    "state": "FINISHED",
    "url": "http://csacademy.com/contest/ioi-2016-training-round-3",
  },
  Object {
    "code": 67,
    "duration": 7200000,
    "judge": "csacademy",
    "name": "CSAcademy Beta Round #8",
    "startTime": 2016-07-02T16:00:00.000Z,
    "state": "FINISHED",
    "url": "http://csacademy.com/contest/beta-round-8",
  },
  Object {
    "code": 72,
    "duration": 10800000,
    "judge": "csacademy",
    "name": "CSAcademy IOI 2016 Training Round #4",
    "startTime": 2016-07-09T11:00:00.000Z,
    "state": "FINISHED",
    "url": "http://csacademy.com/contest/ioi-2016-training-round-4",
  },
  Object {
    "code": 76,
    "duration": 9000000,
    "judge": "csacademy",
    "name": "CSAcademy (Out of Beta) Round #9",
    "startTime": 2016-07-26T16:00:00.000Z,
    "state": "FINISHED",
    "url": "http://csacademy.com/contest/round-9",
  },
  Object {
    "code": 83,
    "duration": 7200000,
    "judge": "csacademy",
    "name": "CSAcademy Round #10",
    "startTime": 2016-08-06T11:00:00.000Z,
    "state": "FINISHED",
    "url": "http://csacademy.com/contest/round-10",
  },
  Object {
    "code": 84,
    "duration": 14400000,
    "judge": "csacademy",
    "name": "CSAcademy IOI 2016 Training Round #5",
    "startTime": 2016-08-07T08:00:00.000Z,
    "state": "FINISHED",
    "url": "http://csacademy.com/contest/ioi-2016-training-round-5",
  },
  Object {
    "code": 94,
    "duration": 7200000,
    "judge": "csacademy",
    "name": "CSAcademy Round #11",
    "startTime": 2016-08-22T16:30:00.000Z,
    "state": "FINISHED",
    "url": "http://csacademy.com/contest/round-11",
  },
  Object {
    "code": 107,
    "duration": 7200000,
    "judge": "csacademy",
    "name": "CSAcademy Round #12 (Div. 2 only)",
    "startTime": 2016-09-15T16:00:00.000Z,
    "state": "FINISHED",
    "url": "http://csacademy.com/contest/round-12",
  },
  Object {
    "code": 136,
    "judge": "csacademy",
    "name": "CSAcademy Interview Archive",
    "url": "http://csacademy.com/contest/interview-archive",
  },
  Object {
    "code": 137,
    "duration": 9000000,
    "judge": "csacademy",
    "name": "CSAcademy Round #13",
    "startTime": 2016-10-27T16:00:00.000Z,
    "state": "FINISHED",
    "url": "http://csacademy.com/contest/round-13",
  },
  Object {
    "code": 149,
    "duration": 7200000,
    "judge": "csacademy",
    "name": "CSAcademy Round #14 (Div. 2 only)",
    "startTime": 2016-11-14T17:00:00.000Z,
    "state": "FINISHED",
    "url": "http://csacademy.com/contest/round-14",
  },
  Object {
    "code": 159,
    "duration": 9900000,
    "judge": "csacademy",
    "name": "CSAcademy Round #15",
    "startTime": 2016-11-30T16:00:00.000Z,
    "state": "FINISHED",
    "url": "http://csacademy.com/contest/round-15",
  },
  Object {
    "code": 178,
    "duration": 7200000,
    "judge": "csacademy",
    "name": "CSAcademy Round #16 (Interactive only)",
    "startTime": 2016-12-11T12:00:00.000Z,
    "state": "FINISHED",
    "url": "http://csacademy.com/contest/round-16",
  },
  Object {
    "code": 899,
    "duration": 7200000,
    "judge": "csacademy",
    "name": "CSAcademy Round #17 (Div. 2 only)",
    "startTime": 2017-01-26T16:00:00.000Z,
    "state": "FINISHED",
    "url": "http://csacademy.com/contest/round-17",
  },
  Object {
    "code": 903,
    "duration": 7200000,
    "judge": "csacademy",
    "name": "CSAcademy Interview Contest #1",
    "startTime": 2017-01-28T16:00:00.000Z,
    "state": "FINISHED",
    "url": "http://csacademy.com/contest/interview-contest-1",
  },
  Object {
    "code": 1691,
    "duration": 9000000,
    "judge": "csacademy",
    "name": "CSAcademy Round #18",
    "startTime": 2017-02-12T18:30:00.000Z,
    "state": "FINISHED",
    "url": "http://csacademy.com/contest/round-18",
  },
  Object {
    "code": 2261,
    "duration": 7200000,
    "judge": "csacademy",
    "name": "CSAcademy Round #19 (Div. 2 only)",
    "startTime": 2017-02-24T16:00:00.000Z,
    "state": "FINISHED",
    "url": "http://csacademy.com/contest/round-19",
  },
  Object {
    "code": 2612,
    "duration": 7200000,
    "judge": "csacademy",
    "name": "CSAcademy Round #20 (Div. 2 only)",
    "startTime": 2017-03-07T16:00:00.000Z,
    "state": "FINISHED",
    "url": "http://csacademy.com/contest/round-20",
  },
  Object {
    "code": 3149,
    "duration": 7200000,
    "judge": "csacademy",
    "name": "CSAcademy Round #21",
    "startTime": 2017-03-19T15:00:00.000Z,
    "state": "FINISHED",
    "url": "http://csacademy.com/contest/round-21",
  },
  Object {
    "code": 3150,
    "duration": 7200000,
    "judge": "csacademy",
    "name": "CSAcademy Round #22 (Div. 2 only)",
    "startTime": 2017-03-27T14:00:00.000Z,
    "state": "FINISHED",
    "url": "http://csacademy.com/contest/round-22",
  },
  Object {
    "code": 3836,
    "duration": 7200000,
    "judge": "csacademy",
    "name": "CSAcademy Round #23 (Div. 2 only)",
    "startTime": 2017-04-04T15:00:00.000Z,
    "state": "FINISHED",
    "url": "http://csacademy.com/contest/round-23",
  },
  Object {
    "code": 3838,
    "duration": 7200000,
    "judge": "csacademy",
    "name": "CSAcademy Round #24",
    "startTime": 2017-04-11T15:00:00.000Z,
    "state": "FINISHED",
    "url": "http://csacademy.com/contest/round-24",
  },
  Object {
    "code": 4411,
    "duration": 7200000,
    "judge": "csacademy",
    "name": "CSAcademy Round #25 (Div. 2 only)",
    "startTime": 2017-04-18T15:00:00.000Z,
    "state": "FINISHED",
    "url": "http://csacademy.com/contest/round-25",
  },
  Object {
    "code": 4693,
    "duration": 7200000,
    "judge": "csacademy",
    "name": "CSAcademy Round #26 (Div. 2 only)",
    "startTime": 2017-04-25T15:00:00.000Z,
    "state": "FINISHED",
    "url": "http://csacademy.com/contest/round-26",
  },
  Object {
    "code": 5038,
    "duration": 7200000,
    "judge": "csacademy",
    "name": "CSAcademy Round #27",
    "startTime": 2017-05-03T15:00:00.000Z,
    "state": "FINISHED",
    "url": "http://csacademy.com/contest/round-27",
  },
  Object {
    "code": 5382,
    "duration": 7200000,
    "judge": "csacademy",
    "name": "CSAcademy Round #28 (Div. 2 only)",
    "startTime": 2017-05-10T13:00:00.000Z,
    "state": "FINISHED",
    "url": "http://csacademy.com/contest/round-28",
  },
  Object {
    "code": 5926,
    "duration": 18000000,
    "judge": "csacademy",
    "name": "CSAcademy Romanian IOI 2017 Selection #2",
    "startTime": 2017-05-08T07:00:00.000Z,
    "state": "FINISHED",
    "url": "http://csacademy.com/contest/romanian-ioi-2017-selection-2",
  },
  Object {
    "code": 5968,
    "duration": 18000000,
    "judge": "csacademy",
    "name": "CSAcademy Romanian IOI 2017 Selection #3",
    "startTime": 2017-05-10T07:00:00.000Z,
    "state": "FINISHED",
    "url": "http://csacademy.com/contest/romanian-ioi-2017-selection-3",
  },
  Object {
    "code": 5969,
    "duration": 7200000,
    "judge": "csacademy",
    "name": "CSAcademy Round #29 (Div. 2 only)",
    "startTime": 2017-05-17T15:00:00.000Z,
    "state": "FINISHED",
    "url": "http://csacademy.com/contest/round-29",
  },
  Object {
    "code": 6147,
    "duration": 7200000,
    "judge": "csacademy",
    "name": "CSAcademy Round #30 (Div. 2 only)",
    "startTime": 2017-05-24T12:00:00.000Z,
    "state": "FINISHED",
    "url": "http://csacademy.com/contest/round-30",
  },
  Object {
    "code": 6155,
    "duration": 18000000,
    "judge": "csacademy",
    "name": "CSAcademy Romanian IOI 2017 Selection #1",
    "startTime": 2017-05-14T09:00:00.000Z,
    "state": "FINISHED",
    "url": "http://csacademy.com/contest/romanian-ioi-2017-selection-1",
  },
  Object {
    "code": 6400,
    "duration": 9000000,
    "judge": "csacademy",
    "name": "CSAcademy Round #31",
    "startTime": 2017-05-30T15:00:00.000Z,
    "state": "FINISHED",
    "url": "http://csacademy.com/contest/round-31",
  },
  Object {
    "code": 6572,
    "duration": 18000000,
    "judge": "csacademy",
    "name": "CSAcademy Romanian IOI 2017 Selection #4",
    "startTime": 2017-05-22T13:00:00.000Z,
    "state": "FINISHED",
    "url": "http://csacademy.com/contest/romanian-ioi-2017-selection-4",
  },
  Object {
    "code": 6774,
    "duration": 9000000,
    "judge": "csacademy",
    "name": "CSAcademy Round #32",
    "startTime": 2017-06-08T15:00:00.000Z,
    "state": "FINISHED",
    "url": "http://csacademy.com/contest/round-32",
  },
  Object {
    "code": 6870,
    "duration": 18000000,
    "judge": "csacademy",
    "name": "CSAcademy Romanian IOI 2017 Selection #6",
    "startTime": 2017-06-06T13:10:00.000Z,
    "state": "FINISHED",
    "url": "http://csacademy.com/contest/romanian-ioi-2017-selection-6",
  },
  Object {
    "code": 7259,
    "duration": 7200000,
    "judge": "csacademy",
    "name": "CSAcademy Round #33 (Div. 2 only)",
    "startTime": 2017-06-14T15:00:00.000Z,
    "state": "FINISHED",
    "url": "http://csacademy.com/contest/round-33",
  },
  Object {
    "code": 7700,
    "duration": 7200000,
    "judge": "csacademy",
    "name": "CSAcademy Round #34 (Div. 2 only)",
    "startTime": 2017-06-21T15:00:00.000Z,
    "state": "FINISHED",
    "url": "http://csacademy.com/contest/round-34",
  },
  Object {
    "code": 8162,
    "duration": 7200000,
    "judge": "csacademy",
    "name": "CSAcademy Round #35",
    "startTime": 2017-06-28T15:00:00.000Z,
    "state": "FINISHED",
    "url": "http://csacademy.com/contest/round-35",
  },
  Object {
    "code": 8237,
    "duration": 7200000,
    "judge": "csacademy",
    "name": "CSAcademy Round #36 (Div. 2 only)",
    "startTime": 2017-07-05T15:00:00.000Z,
    "state": "FINISHED",
    "url": "http://csacademy.com/contest/round-36",
  },
  Object {
    "code": 8508,
    "duration": 19800000,
    "judge": "csacademy",
    "name": "CSAcademy Balkan OI 2017 Day 1",
    "startTime": 2017-07-04T11:00:00.000Z,
    "state": "FINISHED",
    "url": "http://csacademy.com/contest/balkan-oi-2017-day-1",
  },
  Object {
    "code": 8509,
    "duration": 18000000,
    "judge": "csacademy",
    "name": "CSAcademy Balkan OI 2017 Day 2",
    "startTime": 2017-07-06T11:00:00.000Z,
    "state": "FINISHED",
    "url": "http://csacademy.com/contest/balkan-oi-2017-day-2",
  },
  Object {
    "code": 8639,
    "duration": 7200000,
    "judge": "csacademy",
    "name": "CSAcademy Round #37 (Div. 2 only)",
    "startTime": 2017-07-12T15:00:00.000Z,
    "state": "FINISHED",
    "url": "http://csacademy.com/contest/round-37",
  },
  Object {
    "code": 8757,
    "duration": 9000000,
    "judge": "csacademy",
    "name": "CSAcademy Round #38",
    "startTime": 2017-07-19T15:00:00.000Z,
    "state": "FINISHED",
    "url": "http://csacademy.com/contest/round-38",
  },
  Object {
    "code": 23819,
    "duration": 18000000,
    "judge": "csacademy",
    "name": "CSAcademy CEOI 2017 Day 1",
    "startTime": 2017-07-20T11:00:00.000Z,
    "state": "FINISHED",
    "url": "http://csacademy.com/contest/ceoi-2017-day-1",
  },
  Object {
    "code": 23820,
    "duration": 18000000,
    "judge": "csacademy",
    "name": "CSAcademy CEOI 2017 Day 2",
    "startTime": 2017-07-21T11:00:00.000Z,
    "state": "FINISHED",
    "url": "http://csacademy.com/contest/ceoi-2017-day-2",
  },
  Object {
    "code": 23926,
    "duration": 7200000,
    "judge": "csacademy",
    "name": "CSAcademy Round #39 (Div. 2 only)",
    "startTime": 2017-07-26T15:00:00.000Z,
    "state": "FINISHED",
    "url": "http://csacademy.com/contest/round-39",
  },
  Object {
    "code": 24251,
    "duration": 7200000,
    "judge": "csacademy",
    "name": "CSAcademy Round #40 (Div. 2 only)",
    "startTime": 2017-08-02T15:00:00.000Z,
    "state": "FINISHED",
    "url": "http://csacademy.com/contest/round-40",
  },
  Object {
    "code": 24254,
    "duration": 7200000,
    "judge": "csacademy",
    "name": "CSAcademy Round #41",
    "startTime": 2017-08-09T15:00:00.000Z,
    "state": "FINISHED",
    "url": "http://csacademy.com/contest/round-41",
  },
  Object {
    "code": 25026,
    "duration": 7200000,
    "judge": "csacademy",
    "name": "CSAcademy Round #42 (Div. 2 only)",
    "startTime": 2017-08-16T15:00:00.000Z,
    "state": "FINISHED",
    "url": "http://csacademy.com/contest/round-42",
  },
  Object {
    "code": 25051,
    "duration": 7200000,
    "judge": "csacademy",
    "name": "CSAcademy Round #43",
    "startTime": 2017-08-27T12:00:00.000Z,
    "state": "FINISHED",
    "url": "http://csacademy.com/contest/round-43",
  },
  Object {
    "code": 25970,
    "duration": 7200000,
    "judge": "csacademy",
    "name": "CSAcademy Round #44 (Div. 2 only)",
    "startTime": 2017-08-30T15:00:00.000Z,
    "state": "FINISHED",
    "url": "http://csacademy.com/contest/round-44",
  },
  Object {
    "code": 25971,
    "duration": 7200000,
    "judge": "csacademy",
    "name": "CSAcademy Round #47",
    "startTime": 2017-09-06T15:15:00.000Z,
    "state": "FINISHED",
    "url": "http://csacademy.com/contest/round-47",
  },
  Object {
    "code": 26015,
    "duration": 7200000,
    "judge": "csacademy",
    "name": "CSAcademy Round #45 (Div. 1.5)",
    "startTime": 2017-09-03T15:00:00.000Z,
    "state": "FINISHED",
    "url": "http://csacademy.com/contest/round-45",
  },
  Object {
    "code": 26016,
    "duration": 9000000,
    "judge": "csacademy",
    "name": "CSAcademy Round #46 (Div. 1.5)",
    "startTime": 2017-09-05T11:00:00.000Z,
    "state": "FINISHED",
    "url": "http://csacademy.com/contest/round-46",
  },
  Object {
    "code": 26017,
    "duration": 14400000,
    "judge": "csacademy",
    "name": "CSAcademy Junior Challenge 2017 Day 1",
    "startTime": 2017-09-03T15:00:00.000Z,
    "state": "FINISHED",
    "url": "http://csacademy.com/contest/junior-challenge-2017-day-1",
  },
  Object {
    "code": 26018,
    "duration": 14400000,
    "judge": "csacademy",
    "name": "CSAcademy Junior Challenge 2017 Day 2",
    "startTime": 2017-09-05T11:00:00.000Z,
    "state": "FINISHED",
    "url": "http://csacademy.com/contest/junior-challenge-2017-day-2",
  },
  Object {
    "code": 26360,
    "duration": 7200000,
    "judge": "csacademy",
    "name": "CSAcademy Round #48 (Div. 2 only)",
    "startTime": 2017-09-13T15:00:00.000Z,
    "state": "FINISHED",
    "url": "http://csacademy.com/contest/round-48",
  },
  Object {
    "code": 26515,
    "duration": 14400000,
    "judge": "csacademy",
    "name": "CSAcademy EJOI 2017 Day 1",
    "startTime": 2017-09-09T11:00:00.000Z,
    "state": "FINISHED",
    "url": "http://csacademy.com/contest/ejoi-2017-day-1",
  },
  Object {
    "code": 26569,
    "duration": 14400000,
    "judge": "csacademy",
    "name": "CSAcademy EJOI 2017 Day 2",
    "startTime": 2017-09-11T11:00:00.000Z,
    "state": "FINISHED",
    "url": "http://csacademy.com/contest/ejoi-2017-day-2",
  },
  Object {
    "code": 26759,
    "duration": 7200000,
    "judge": "csacademy",
    "name": "CSAcademy Round #49",
    "startTime": 2017-09-20T15:00:00.000Z,
    "state": "FINISHED",
    "url": "http://csacademy.com/contest/round-49",
  },
  Object {
    "code": 27003,
    "duration": 7200000,
    "judge": "csacademy",
    "name": "CSAcademy Round #50 (Div. 2 only)",
    "startTime": 2017-09-27T15:00:00.000Z,
    "state": "FINISHED",
    "url": "http://csacademy.com/contest/round-50",
  },
  Object {
    "code": 27500,
    "duration": 7200000,
    "judge": "csacademy",
    "name": "CSAcademy Round #51 (Div. 2 only)",
    "startTime": 2017-10-04T15:00:00.000Z,
    "state": "FINISHED",
    "url": "http://csacademy.com/contest/round-51",
  },
  Object {
    "code": 27746,
    "duration": 7200000,
    "judge": "csacademy",
    "name": "CSAcademy Round #52",
    "startTime": 2017-10-11T15:05:00.000Z,
    "state": "FINISHED",
    "url": "http://csacademy.com/contest/round-52",
  },
  Object {
    "code": 27752,
    "duration": 18000000,
    "judge": "csacademy",
    "name": "CSAcademy RMI 2017 Day 1",
    "startTime": 2017-10-05T11:00:00.000Z,
    "state": "FINISHED",
    "url": "http://csacademy.com/contest/rmi-2017-day-1",
  },
  Object {
    "code": 27753,
    "duration": 18000000,
    "judge": "csacademy",
    "name": "CSAcademy RMI 2017 Day 2",
    "startTime": 2017-10-06T11:00:00.000Z,
    "state": "FINISHED",
    "url": "http://csacademy.com/contest/rmi-2017-day-2",
  },
  Object {
    "code": 28052,
    "duration": 7200000,
    "judge": "csacademy",
    "name": "CSAcademy Round #53 (Div. 2 only)",
    "startTime": 2017-10-18T15:05:00.000Z,
    "state": "FINISHED",
    "url": "http://csacademy.com/contest/round-53",
  },
  Object {
    "code": 28453,
    "duration": 8400000,
    "judge": "csacademy",
    "name": "CSAcademy Round #54",
    "startTime": 2017-10-25T15:05:00.000Z,
    "state": "FINISHED",
    "url": "http://csacademy.com/contest/round-54",
  },
  Object {
    "code": 28712,
    "duration": 7200000,
    "judge": "csacademy",
    "name": "CSAcademy Round #55 (Div. 2 only)",
    "startTime": 2017-11-01T16:05:00.000Z,
    "state": "FINISHED",
    "url": "http://csacademy.com/contest/round-55",
  },
  Object {
    "code": 28867,
    "judge": "csacademy",
    "name": "CSAcademy IEEEXtreme Practice Community Base",
    "url": "http://csacademy.com/contest/ieeextreme-practice",
  },
  Object {
    "code": 28869,
    "duration": 7200000,
    "judge": "csacademy",
    "name": "CSAcademy Round #56",
    "startTime": 2017-11-08T15:05:00.000Z,
    "state": "FINISHED",
    "url": "http://csacademy.com/contest/round-56",
  },
  Object {
    "code": 29414,
    "duration": 6600000,
    "judge": "csacademy",
    "name": "CSAcademy Round #57 (Div. 2 only)",
    "startTime": 2017-11-18T15:05:00.000Z,
    "state": "FINISHED",
    "url": "http://csacademy.com/contest/round-57",
  },
  Object {
    "code": 29556,
    "duration": 7200000,
    "judge": "csacademy",
    "name": "CSAcademy Round #58",
    "startTime": 2017-11-22T15:05:00.000Z,
    "state": "FINISHED",
    "url": "http://csacademy.com/contest/round-58",
  },
  Object {
    "code": 30153,
    "duration": 18000000,
    "judge": "csacademy",
    "name": "CSAcademy IATI Shumen 2017 Day 1",
    "startTime": 2017-11-24T13:00:00.000Z,
    "state": "FINISHED",
    "url": "http://csacademy.com/contest/iati-shumen-2017-day-1",
  },
  Object {
    "code": 30154,
    "duration": 18000000,
    "judge": "csacademy",
    "name": "CSAcademy IATI Shumen 2017 Day 2",
    "startTime": 2017-11-25T13:00:00.000Z,
    "state": "FINISHED",
    "url": "http://csacademy.com/contest/iati-shumen-2017-day-2",
  },
  Object {
    "code": 30205,
    "duration": 7200000,
    "judge": "csacademy",
    "name": "CSAcademy Round #59 (Div. 2 only)",
    "startTime": 2017-11-29T15:05:00.000Z,
    "state": "FINISHED",
    "url": "http://csacademy.com/contest/round-59",
  },
  Object {
    "code": 30740,
    "duration": 7200000,
    "judge": "csacademy",
    "name": "CSAcademy Round #60 (Div. 2 only)",
    "startTime": 2017-12-06T15:05:00.000Z,
    "state": "FINISHED",
    "url": "http://csacademy.com/contest/round-60",
  },
  Object {
    "code": 30741,
    "duration": 7200000,
    "judge": "csacademy",
    "name": "CSAcademy Round #61",
    "startTime": 2017-12-13T15:05:00.000Z,
    "state": "FINISHED",
    "url": "http://csacademy.com/contest/round-61",
  },
  Object {
    "code": 31133,
    "duration": 7200000,
    "judge": "csacademy",
    "name": "CSAcademy Round #62 (Div. 2 only)",
    "startTime": 2017-12-20T15:05:00.000Z,
    "state": "FINISHED",
    "url": "http://csacademy.com/contest/round-62",
  },
  Object {
    "code": 31874,
    "duration": 7200000,
    "judge": "csacademy",
    "name": "CSAcademy Round #63 (Div. 2 only)",
    "startTime": 2018-01-03T15:05:00.000Z,
    "state": "FINISHED",
    "url": "http://csacademy.com/contest/round-63",
  },
  Object {
    "code": 32166,
    "duration": 7200000,
    "judge": "csacademy",
    "name": "CSAcademy Round #64 (Interactive only)",
    "startTime": 2018-01-10T15:05:00.000Z,
    "state": "FINISHED",
    "url": "http://csacademy.com/contest/round-64",
  },
  Object {
    "code": 32262,
    "duration": 7200000,
    "judge": "csacademy",
    "name": "CSAcademy Round #65 (Div. 2 only)",
    "startTime": 2018-01-17T15:05:00.000Z,
    "state": "FINISHED",
    "url": "http://csacademy.com/contest/round-65",
  },
  Object {
    "code": 32938,
    "duration": 7200000,
    "judge": "csacademy",
    "name": "CSAcademy Round #66 (Div. 2 only)",
    "startTime": 2018-01-24T15:15:00.000Z,
    "state": "FINISHED",
    "url": "http://csacademy.com/contest/round-66",
  },
  Object {
    "code": 33089,
    "duration": 7200000,
    "judge": "csacademy",
    "name": "CSAcademy Round #67",
    "startTime": 2018-01-31T15:35:00.000Z,
    "state": "FINISHED",
    "url": "http://csacademy.com/contest/round-67",
  },
  Object {
    "code": 33090,
    "duration": 7200000,
    "judge": "csacademy",
    "name": "CSAcademy Round #68 (Div. 2 only)",
    "startTime": 2018-02-07T15:05:00.000Z,
    "state": "FINISHED",
    "url": "http://csacademy.com/contest/round-68",
  },
  Object {
    "code": 33927,
    "duration": 7200000,
    "judge": "csacademy",
    "name": "CSAcademy Round #69 (Div. 2 only)",
    "startTime": 2018-02-14T15:05:00.000Z,
    "state": "FINISHED",
    "url": "http://csacademy.com/contest/round-69",
  },
  Object {
    "code": 33969,
    "duration": 7200000,
    "judge": "csacademy",
    "name": "CSAcademy Round #70",
    "startTime": 2018-02-21T15:35:00.000Z,
    "state": "FINISHED",
    "url": "http://csacademy.com/contest/round-70",
  },
  Object {
    "code": 33970,
    "duration": 7200000,
    "judge": "csacademy",
    "name": "CSAcademy Round #71 (Div. 2 only)",
    "startTime": 2018-02-28T15:05:00.000Z,
    "state": "FINISHED",
    "url": "http://csacademy.com/contest/round-71",
  },
  Object {
    "code": 34628,
    "duration": 7200000,
    "judge": "csacademy",
    "name": "CSAcademy Round #72",
    "startTime": 2018-03-07T15:05:00.000Z,
    "state": "FINISHED",
    "url": "http://csacademy.com/contest/round-72",
  },
  Object {
    "code": 34966,
    "duration": 7200000,
    "judge": "csacademy",
    "name": "CSAcademy Round #73 (Div. 2 only)",
    "startTime": 2018-03-14T15:05:00.000Z,
    "state": "FINISHED",
    "url": "http://csacademy.com/contest/round-73",
  },
  Object {
    "code": 34967,
    "duration": 7200000,
    "judge": "csacademy",
    "name": "CSAcademy Round #74 (Div. 2 only)",
    "startTime": 2018-03-28T14:05:00.000Z,
    "state": "FINISHED",
    "url": "http://csacademy.com/contest/round-74",
  },
  Object {
    "code": 36333,
    "duration": 7200000,
    "judge": "csacademy",
    "name": "CSAcademy Round #75",
    "startTime": 2018-04-05T15:05:00.000Z,
    "state": "FINISHED",
    "url": "http://csacademy.com/contest/round-75",
  },
  Object {
    "code": 36718,
    "duration": 7200000,
    "judge": "csacademy",
    "name": "CSAcademy Round #76 (Div. 2 only)",
    "startTime": 2018-04-12T15:05:00.000Z,
    "state": "FINISHED",
    "url": "http://csacademy.com/contest/round-76",
  },
  Object {
    "code": 36719,
    "duration": 7200000,
    "judge": "csacademy",
    "name": "CSAcademy Round #77 (Div. 2 only)",
    "startTime": 2018-04-18T15:05:00.000Z,
    "state": "FINISHED",
    "url": "http://csacademy.com/contest/round-77",
  },
  Object {
    "code": 36721,
    "duration": 7200000,
    "judge": "csacademy",
    "name": "CSAcademy Round #78 (based on Romanian Olympiad IOI selection camp)",
    "startTime": 2018-04-25T15:05:00.000Z,
    "state": "FINISHED",
    "url": "http://csacademy.com/contest/round-78",
  },
  Object {
    "code": 37582,
    "duration": 7200000,
    "judge": "csacademy",
    "name": "CSAcademy Round #79 (Div. 2 only)",
    "startTime": 2018-05-09T15:05:00.000Z,
    "state": "RUNNING",
    "url": "http://csacademy.com/contest/round-79",
  },
  Object {
    "code": 38217,
    "duration": 7200000,
    "judge": "csacademy",
    "name": "CSAcademy Round #80 (unrated, based on Romanian Olympiad IOI selection camp)",
    "startTime": 2018-05-23T15:10:00.000Z,
    "state": "UPCOMING",
    "url": "http://csacademy.com/contest/round-80",
  },
  Object {
    "code": 39099,
    "duration": 7200000,
    "judge": "csacademy",
    "name": "CSAcademy Round #81 (Div. 2 only)",
    "startTime": 2018-06-06T15:05:00.000Z,
    "state": "UPCOMING",
    "url": "http://csacademy.com/contest/round-81",
  },
  Object {
    "code": 39354,
    "duration": 7200000,
    "judge": "csacademy",
    "name": "CSAcademy Round #82",
    "startTime": 2018-06-20T15:05:00.000Z,
    "state": "UPCOMING",
    "url": "http://csacademy.com/contest/round-82",
  },
  Object {
    "code": 40093,
    "duration": 7200000,
    "judge": "csacademy",
    "name": "CSAcademy Round #83 (Div. 2 only)",
    "startTime": 2018-07-04T15:05:00.000Z,
    "state": "UPCOMING",
    "url": "http://csacademy.com/contest/round-83",
  },
  Object {
    "code": 40468,
    "duration": 7200000,
    "judge": "csacademy",
    "name": "CSAcademy Round #84",
    "startTime": 2018-07-18T15:05:00.000Z,
    "state": "UPCOMING",
    "url": "http://csacademy.com/contest/round-84",
  },
  Object {
    "code": 41341,
    "duration": 7200000,
    "judge": "csacademy",
    "name": "CSAcademy Round #85 (powered by BOI, unrated)",
    "startTime": 2018-08-01T15:05:00.000Z,
    "state": "UPCOMING",
    "url": "http://csacademy.com/contest/round-85",
  },
  Object {
    "code": 41983,
    "duration": 7200000,
    "judge": "csacademy",
    "name": "CSAcademy Round #86 (Div. 2 only)",
    "startTime": 2018-08-22T15:05:00.000Z,
    "state": "UPCOMING",
    "url": "http://csacademy.com/contest/round-86",
  },
  Object {
    "code": 42134,
    "duration": 18000000,
    "judge": "csacademy",
    "name": "CSAcademy CEOI 2018 Day 1 (rated for all users)",
    "startTime": 2018-08-14T13:00:00.000Z,
    "state": "UPCOMING",
    "url": "http://csacademy.com/contest/ceoi-2018-day-1",
  },
  Object {
    "code": 42135,
    "duration": 18000000,
    "judge": "csacademy",
    "name": "CSAcademy CEOI 2018 Day 2 (rated for all users)",
    "startTime": 2018-08-16T13:00:00.000Z,
    "state": "UPCOMING",
    "url": "http://csacademy.com/contest/ceoi-2018-day-2",
  },
]
`;
